<html>
<body>
<pre>
<h1>µVision Build Log</h1>
<h2>Project:</h2>
I:\ECE 353\CircularBufferSrc\p1\ece353_base_project.uvproj
Project File Date:  03/09/2014

<h2>Output:</h2>
Rebuild target 'base_project'
assembling Startup.s...
compiling main.c...
compiling uartPoll.c...
compiling circularBufferTests.c...
compiling circular_buffer.c...
circular_buffer.c(101): error:  #29: expected an expression
circular_buffer.c(107): warning:  #223-D: function "sifeof" declared implicitly
circular_buffer.c(107): error:  #29: expected an expression
circular_buffer.c(107): error:  #32: expression must have arithmetic type
Target not created
Rebuild target 'base_project'
assembling Startup.s...
compiling main.c...
compiling uartPoll.c...
compiling circularBufferTests.c...
compiling circular_buffer.c...
circular_buffer.c(101): error:  #29: expected an expression
circular_buffer.c(107): error:  #32: expression must have arithmetic type
Target not created
Rebuild target 'base_project'
assembling Startup.s...
compiling main.c...
compiling uartPoll.c...
compiling circularBufferTests.c...
compiling circular_buffer.c...
circular_buffer.c(107): error:  #32: expression must have arithmetic type
Target not created
Rebuild target 'base_project'
assembling Startup.s...
compiling main.c...
compiling uartPoll.c...
compiling circularBufferTests.c...
compiling circular_buffer.c...
circular_buffer.c(107): error:  #513: a value of type "unsigned int" cannot be assigned to an entity of type "volatile char *"
circular_buffer.c(107): error:  #65: expected a ";"
Target not created
Rebuild target 'base_project'
assembling Startup.s...
compiling main.c...
compiling uartPoll.c...
compiling circularBufferTests.c...
compiling circular_buffer.c...
circular_buffer.c(107): error:  #513: a value of type "char" cannot be assigned to an entity of type "volatile char *"
Target not created
Rebuild target 'base_project'
assembling Startup.s...
compiling main.c...
compiling uartPoll.c...
compiling circularBufferTests.c...
compiling circular_buffer.c...
circular_buffer.c(104): warning:  #513-D: a value of type "volatile char *" cannot be assigned to an entity of type "char *"
circular_buffer.c(108): error:  #513: a value of type "char" cannot be assigned to an entity of type "char *"
circular_buffer.c(86): warning:  #550-D: variable "temp" was set but never used
Target not created
Rebuild target 'base_project'
assembling Startup.s...
compiling main.c...
compiling uartPoll.c...
compiling circularBufferTests.c...
compiling circular_buffer.c...
circular_buffer.c(104): warning:  #513-D: a value of type "volatile char *" cannot be assigned to an entity of type "char *"
circular_buffer.c(108): error:  #513: a value of type "char" cannot be assigned to an entity of type "char *"
Target not created
Rebuild target 'base_project'
assembling Startup.s...
compiling main.c...
compiling uartPoll.c...
compiling circularBufferTests.c...
compiling circular_buffer.c...
circular_buffer.c(108): error:  #513: a value of type "char" cannot be assigned to an entity of type "volatile char *"
Target not created
Rebuild target 'base_project'
assembling Startup.s...
compiling main.c...
compiling uartPoll.c...
compiling circularBufferTests.c...
compiling circular_buffer.c...
linking...
Program Size: Code=3160 RO-data=32 RW-data=168 ZI-data=2104  
"ece353_base_project.axf" - 0 Error(s), 0 Warning(s).
Load "I:\\ECE 353\\CircularBufferSrc\\p1\\ece353_base_project.AXF" 
Connecting: Mode=JTAG, Speed=1000000Hz
Erase Done.
Programming Done.
Verify OK.
Rebuild target 'base_project'
assembling Startup.s...
compiling main.c...
compiling uartPoll.c...
compiling circularBufferTests.c...
compiling circular_buffer.c...
circular_buffer.c(108): warning:  #191-D: type qualifier is meaningless on cast type
circular_buffer.c(108): error:  #513: a value of type "char" cannot be assigned to an entity of type "volatile char *"
Target not created
Load "I:\\ECE 353\\CircularBufferSrc\\p1\\ece353_base_project.AXF" 
_____^
*** error 56: cannot open file
Rebuild target 'base_project'
assembling Startup.s...
compiling main.c...
compiling uartPoll.c...
compiling circularBufferTests.c...
compiling circular_buffer.c...
circular_buffer.c(108): warning:  #191-D: type qualifier is meaningless on cast type
circular_buffer.c(108): error:  #513: a value of type "char" cannot be assigned to an entity of type "volatile char *"
Target not created
Rebuild target 'base_project'
assembling Startup.s...
compiling main.c...
compiling uartPoll.c...
compiling circularBufferTests.c...
compiling circular_buffer.c...
linking...
Program Size: Code=3160 RO-data=32 RW-data=168 ZI-data=2104  
"ece353_base_project.axf" - 0 Error(s), 0 Warning(s).
Load "I:\\ECE 353\\CircularBufferSrc\\p1\\ece353_base_project.AXF" 
Connecting: Mode=JTAG, Speed=1000000Hz
Erase Done.
Programming Done.
Verify OK.
Rebuild target 'base_project'
assembling Startup.s...
compiling main.c...
compiling uartPoll.c...
compiling circularBufferTests.c...
compiling circular_buffer.c...
linking...
Program Size: Code=3160 RO-data=32 RW-data=168 ZI-data=2104  
"ece353_base_project.axf" - 0 Error(s), 0 Warning(s).
Load "I:\\ECE 353\\CircularBufferSrc\\p1\\ece353_base_project.AXF" 
Connecting: Mode=JTAG, Speed=1000000Hz
Erase Done.
Programming Done.
Verify OK.
Rebuild target 'base_project'
assembling Startup.s...
compiling main.c...
compiling uartPoll.c...
compiling circularBufferTests.c...
compiling circular_buffer.c...
circular_buffer.c(111): error:  #75: operand of "*" must be a pointer
Target not created
Rebuild target 'base_project'
assembling Startup.s...
compiling main.c...
compiling uartPoll.c...
compiling circularBufferTests.c...
compiling circular_buffer.c...
linking...
Program Size: Code=3160 RO-data=32 RW-data=168 ZI-data=2104  
"ece353_base_project.axf" - 0 Error(s), 0 Warning(s).
Load "I:\\ECE 353\\CircularBufferSrc\\p1\\ece353_base_project.AXF" 
Connecting: Mode=JTAG, Speed=1000000Hz
Erase Done.
Programming Done.
Verify OK.
Rebuild target 'base_project'
assembling Startup.s...
compiling main.c...
compiling uartPoll.c...
compiling circularBufferTests.c...
compiling circular_buffer.c...
linking...
Program Size: Code=3148 RO-data=32 RW-data=168 ZI-data=2104  
"ece353_base_project.axf" - 0 Error(s), 0 Warning(s).
Load "I:\\ECE 353\\CircularBufferSrc\\p1\\ece353_base_project.AXF" 
Connecting: Mode=JTAG, Speed=1000000Hz
Erase Done.
Programming Done.
Verify OK.
Rebuild target 'base_project'
assembling Startup.s...
compiling main.c...
compiling uartPoll.c...
compiling circularBufferTests.c...
compiling circular_buffer.c...
linking...
Program Size: Code=3156 RO-data=32 RW-data=168 ZI-data=2104  
"ece353_base_project.axf" - 0 Error(s), 0 Warning(s).
Load "I:\\ECE 353\\CircularBufferSrc\\p1\\ece353_base_project.AXF" 
Connecting: Mode=JTAG, Speed=1000000Hz
Erase Done.
Programming Done.
Verify OK.
Rebuild target 'base_project'
assembling Startup.s...
compiling main.c...
compiling uartPoll.c...
compiling circularBufferTests.c...
compiling circular_buffer.c...
linking...
Program Size: Code=3164 RO-data=32 RW-data=168 ZI-data=2104  
"ece353_base_project.axf" - 0 Error(s), 0 Warning(s).
Load "I:\\ECE 353\\CircularBufferSrc\\p1\\ece353_base_project.AXF" 
Connecting: Mode=JTAG, Speed=1000000Hz
Erase Done.
Programming Done.
Verify OK.
Rebuild target 'base_project'
assembling Startup.s...
compiling main.c...
compiling uartPoll.c...
compiling circularBufferTests.c...
circularBufferTests.c(9): warning:  #520-D: initialization with "{...}" expected for aggregate object
compiling circular_buffer.c...
linking...
Program Size: Code=3144 RO-data=32 RW-data=168 ZI-data=2104  
"ece353_base_project.axf" - 0 Error(s), 1 Warning(s).
Load "I:\\ECE 353\\CircularBufferSrc\\p1\\ece353_base_project.AXF" 
Connecting: Mode=JTAG, Speed=1000000Hz
Erase Done.
Programming Done.
Verify OK.
Rebuild target 'base_project'
assembling Startup.s...
compiling main.c...
compiling uartPoll.c...
compiling circularBufferTests.c...
circularBufferTests.c(9): warning:  #520-D: initialization with "{...}" expected for aggregate object
compiling circular_buffer.c...
linking...
Program Size: Code=3152 RO-data=32 RW-data=168 ZI-data=2104  
"ece353_base_project.axf" - 0 Error(s), 1 Warning(s).
Load "I:\\ECE 353\\CircularBufferSrc\\p1\\ece353_base_project.AXF" 
Connecting: Mode=JTAG, Speed=1000000Hz
Erase Done.
Programming Done.
Verify OK.
Rebuild target 'base_project'
assembling Startup.s...
compiling main.c...
compiling uartPoll.c...
compiling circularBufferTests.c...
circularBufferTests.c(9): warning:  #520-D: initialization with "{...}" expected for aggregate object
compiling circular_buffer.c...
linking...
Program Size: Code=3152 RO-data=32 RW-data=168 ZI-data=2104  
"ece353_base_project.axf" - 0 Error(s), 1 Warning(s).
Load "I:\\ECE 353\\CircularBufferSrc\\p1\\ece353_base_project.AXF" 
Connecting: Mode=JTAG, Speed=1000000Hz
Erase Done.
Programming Done.
Verify OK.
Rebuild target 'base_project'
assembling Startup.s...
compiling main.c...
compiling uartPoll.c...
compiling circularBufferTests.c...
circularBufferTests.c(9): warning:  #520-D: initialization with "{...}" expected for aggregate object
compiling circular_buffer.c...
linking...
Program Size: Code=3152 RO-data=32 RW-data=168 ZI-data=2104  
"ece353_base_project.axf" - 0 Error(s), 1 Warning(s).
Load "I:\\ECE 353\\CircularBufferSrc\\p1\\ece353_base_project.AXF" 
Connecting: Mode=JTAG, Speed=1000000Hz
Erase Done.
Programming Done.
Verify OK.
Rebuild target 'base_project'
assembling Startup.s...
compiling main.c...
compiling uartPoll.c...
compiling circularBufferTests.c...
circularBufferTests.c(9): warning:  #2548-D: multicharacter character literal (potential portability problem)
circularBufferTests.c(9): warning:  #69-D: integer conversion resulted in truncation
compiling circular_buffer.c...
linking...
Program Size: Code=3164 RO-data=32 RW-data=168 ZI-data=2104  
"ece353_base_project.axf" - 0 Error(s), 2 Warning(s).
Load "I:\\ECE 353\\CircularBufferSrc\\p1\\ece353_base_project.AXF" 
Connecting: Mode=JTAG, Speed=1000000Hz
Erase Done.
Programming Done.
Verify OK.
Rebuild target 'base_project'
assembling Startup.s...
compiling main.c...
compiling uartPoll.c...
compiling circularBufferTests.c...
compiling circular_buffer.c...
linking...
Program Size: Code=3164 RO-data=32 RW-data=168 ZI-data=2104  
"ece353_base_project.axf" - 0 Error(s), 0 Warning(s).
Load "I:\\ECE 353\\CircularBufferSrc\\p1\\ece353_base_project.AXF" 
Connecting: Mode=JTAG, Speed=1000000Hz
Erase Done.
Programming Done.
Verify OK.
Rebuild target 'base_project'
assembling Startup.s...
compiling main.c...
compiling uartPoll.c...
compiling circularBufferTests.c...
compiling circular_buffer.c...
linking...
Program Size: Code=3164 RO-data=32 RW-data=168 ZI-data=2104  
"ece353_base_project.axf" - 0 Error(s), 0 Warning(s).
Load "I:\\ECE 353\\CircularBufferSrc\\p1\\ece353_base_project.AXF" 
Connecting: Mode=JTAG, Speed=1000000Hz
Erase Done.
Programming Done.
Verify OK.
Rebuild target 'base_project'
assembling Startup.s...
compiling main.c...
compiling uartPoll.c...
compiling circularBufferTests.c...
circularBufferTests.c(9): warning:  #2548-D: multicharacter character literal (potential portability problem)
circularBufferTests.c(9): warning:  #69-D: integer conversion resulted in truncation
compiling circular_buffer.c...
linking...
Program Size: Code=3164 RO-data=32 RW-data=168 ZI-data=2104  
"ece353_base_project.axf" - 0 Error(s), 2 Warning(s).
Load "I:\\ECE 353\\CircularBufferSrc\\p1\\ece353_base_project.AXF" 
Connecting: Mode=JTAG, Speed=1000000Hz
Erase Done.
Programming Done.
Verify OK.
Rebuild target 'base_project'
assembling Startup.s...
compiling main.c...
compiling uartPoll.c...
compiling circularBufferTests.c...
circularBufferTests.c(9): warning:  #2548-D: multicharacter character literal (potential portability problem)
circularBufferTests.c(9): warning:  #69-D: integer conversion resulted in truncation
compiling circular_buffer.c...
linking...
Program Size: Code=3164 RO-data=32 RW-data=168 ZI-data=2104  
"ece353_base_project.axf" - 0 Error(s), 2 Warning(s).
Load "I:\\ECE 353\\CircularBufferSrc\\p1\\ece353_base_project.AXF" 
Connecting: Mode=JTAG, Speed=1000000Hz
Erase Done.
Programming Done.
Verify OK.
Rebuild target 'base_project'
assembling Startup.s...
compiling main.c...
compiling uartPoll.c...
compiling circularBufferTests.c...
compiling circular_buffer.c...
linking...
Program Size: Code=3164 RO-data=32 RW-data=168 ZI-data=2104  
"ece353_base_project.axf" - 0 Error(s), 0 Warning(s).
Load "I:\\ECE 353\\CircularBufferSrc\\p1\\ece353_base_project.AXF" 
Connecting: Mode=JTAG, Speed=1000000Hz
Erase Done.
Programming Done.
Verify OK.
Rebuild target 'base_project'
assembling Startup.s...
compiling main.c...
compiling uartPoll.c...
compiling circularBufferTests.c...
compiling circular_buffer.c...
linking...
Program Size: Code=3164 RO-data=32 RW-data=168 ZI-data=2104  
"ece353_base_project.axf" - 0 Error(s), 0 Warning(s).
Load "I:\\ECE 353\\CircularBufferSrc\\p1\\ece353_base_project.AXF" 
Connecting: Mode=JTAG, Speed=1000000Hz
Erase Done.
Programming Done.
Verify OK.
Rebuild target 'base_project'
assembling Startup.s...
compiling main.c...
compiling uartPoll.c...
compiling circularBufferTests.c...
compiling circular_buffer.c...
linking...
Program Size: Code=3164 RO-data=32 RW-data=168 ZI-data=2104  
"ece353_base_project.axf" - 0 Error(s), 0 Warning(s).
Load "I:\\ECE 353\\CircularBufferSrc\\p1\\ece353_base_project.AXF" 
Connecting: Mode=JTAG, Speed=1000000Hz
Erase Done.
Programming Done.
Verify OK.
Rebuild target 'base_project'
assembling Startup.s...
compiling main.c...
compiling uartPoll.c...
compiling circularBufferTests.c...
compiling circular_buffer.c...
linking...
Program Size: Code=3164 RO-data=32 RW-data=168 ZI-data=2104  
"ece353_base_project.axf" - 0 Error(s), 0 Warning(s).
Load "I:\\ECE 353\\CircularBufferSrc\\p1\\ece353_base_project.AXF" 
Connecting: Mode=JTAG, Speed=1000000Hz
Erase Done.
Programming Done.
Verify OK.
Rebuild target 'base_project'
assembling Startup.s...
compiling main.c...
compiling uartPoll.c...
compiling circularBufferTests.c...
compiling circular_buffer.c...
linking...
Program Size: Code=3164 RO-data=32 RW-data=168 ZI-data=2104  
"ece353_base_project.axf" - 0 Error(s), 0 Warning(s).
Load "I:\\ECE 353\\CircularBufferSrc\\p1\\ece353_base_project.AXF" 
Connecting: Mode=JTAG, Speed=1000000Hz
Erase Done.
Programming Done.
Verify OK.
Rebuild target 'base_project'
assembling Startup.s...
compiling main.c...
compiling uartPoll.c...
compiling circularBufferTests.c...
compiling circular_buffer.c...
linking...
Program Size: Code=3164 RO-data=32 RW-data=168 ZI-data=2104  
"ece353_base_project.axf" - 0 Error(s), 0 Warning(s).
Load "I:\\ECE 353\\CircularBufferSrc\\p1\\ece353_base_project.AXF" 
Connecting: Mode=JTAG, Speed=1000000Hz
Erase Done.
Programming Done.
Verify OK.
